
==========================================================================
detailed route report_tns
--------------------------------------------------------------------------
tns max 0.00

==========================================================================
detailed route report_wns
--------------------------------------------------------------------------
wns max 0.00

==========================================================================
detailed route report_worst_slack
--------------------------------------------------------------------------
worst slack max 2.33

==========================================================================
detailed route report_clock_min_period
--------------------------------------------------------------------------
core_clock period_min = 2.93 fmax = 341.80

==========================================================================
detailed route report_clock_skew
--------------------------------------------------------------------------
Clock core_clock
   0.29 source latency GPR[0][10]$_DFFE_PP_/CLK ^
  -0.29 target latency GPR[0][11]$_DFFE_PP_/CLK ^
   0.00 CRPR
--------------
   0.00 setup skew


==========================================================================
detailed route report_checks -path_delay min
--------------------------------------------------------------------------
Startpoint: count[0]$_SDFF_PP0_
            (rising edge-triggered flip-flop clocked by core_clock)
Endpoint: count[0]$_SDFF_PP0_
          (rising edge-triggered flip-flop clocked by core_clock)
Path Group: core_clock
Path Type: min

Fanout     Cap    Slew   Delay    Time   Description
-----------------------------------------------------------------------------
                          0.00    0.00   clock core_clock (rise edge)
                          0.00    0.00   clock source latency
     1    0.01    0.00    0.00    0.00 ^ clk (in)
                                         clk (net)
                  0.00    0.00    0.00 ^ clkbuf_0_clk/A (sky130_fd_sc_hd__clkbuf_16)
     8    0.06    0.08    0.14    0.14 ^ clkbuf_0_clk/X (sky130_fd_sc_hd__clkbuf_16)
                                         clknet_0_clk (net)
                  0.08    0.00    0.14 ^ clkbuf_3_0__f_clk/A (sky130_fd_sc_hd__clkbuf_16)
    14    0.03    0.05    0.15    0.29 ^ clkbuf_3_0__f_clk/X (sky130_fd_sc_hd__clkbuf_16)
                                         clknet_3_0__leaf_clk (net)
                  0.05    0.00    0.29 ^ count[0]$_SDFF_PP0_/CLK (sky130_fd_sc_hd__dfxtp_1)
     2    0.01    0.07    0.32    0.61 ^ count[0]$_SDFF_PP0_/Q (sky130_fd_sc_hd__dfxtp_1)
                                         count[0] (net)
                  0.07    0.00    0.61 ^ _1725_/A (sky130_fd_sc_hd__nor2_1)
     1    0.00    0.02    0.04    0.65 v _1725_/Y (sky130_fd_sc_hd__nor2_1)
                                         _0162_ (net)
                  0.02    0.00    0.65 v count[0]$_SDFF_PP0_/D (sky130_fd_sc_hd__dfxtp_1)
                                  0.65   data arrival time

                          0.00    0.00   clock core_clock (rise edge)
                          0.00    0.00   clock source latency
     1    0.01    0.00    0.00    0.00 ^ clk (in)
                                         clk (net)
                  0.00    0.00    0.00 ^ clkbuf_0_clk/A (sky130_fd_sc_hd__clkbuf_16)
     8    0.06    0.08    0.14    0.14 ^ clkbuf_0_clk/X (sky130_fd_sc_hd__clkbuf_16)
                                         clknet_0_clk (net)
                  0.08    0.00    0.14 ^ clkbuf_3_0__f_clk/A (sky130_fd_sc_hd__clkbuf_16)
    14    0.03    0.05    0.15    0.29 ^ clkbuf_3_0__f_clk/X (sky130_fd_sc_hd__clkbuf_16)
                                         clknet_3_0__leaf_clk (net)
                  0.05    0.00    0.29 ^ count[0]$_SDFF_PP0_/CLK (sky130_fd_sc_hd__dfxtp_1)
                          0.00    0.29   clock reconvergence pessimism
                         -0.04    0.25   library hold time
                                  0.25   data required time
-----------------------------------------------------------------------------
                                  0.25   data required time
                                 -0.65   data arrival time
-----------------------------------------------------------------------------
                                  0.41   slack (MET)



==========================================================================
detailed route report_checks -path_delay max
--------------------------------------------------------------------------
Startpoint: sys_rst (input port clocked by core_clock)
Endpoint: GPR[1][4]$_DFFE_PP_
          (rising edge-triggered flip-flop clocked by core_clock)
Path Group: core_clock
Path Type: max

Fanout     Cap    Slew   Delay    Time   Description
-----------------------------------------------------------------------------
                          0.00    0.00   clock core_clock (rise edge)
                          0.00    0.00   clock network delay (propagated)
                          1.05    1.05 v input external delay
     1    0.00    0.00    0.00    1.05 v sys_rst (in)
                                         sys_rst (net)
                  0.00    0.00    1.05 v input36/A (sky130_fd_sc_hd__clkdlybuf4s50_1)
     1    0.00    0.05    0.39    1.44 v input36/X (sky130_fd_sc_hd__clkdlybuf4s50_1)
                                         net35 (net)
                  0.05    0.00    1.44 v place52/A (sky130_fd_sc_hd__buf_4)
    20    0.04    0.07    0.18    1.62 v place52/X (sky130_fd_sc_hd__buf_4)
                                         net51 (net)
                  0.07    0.00    1.62 v _0961_/A (sky130_fd_sc_hd__inv_1)
     6    0.01    0.11    0.11    1.74 ^ _0961_/Y (sky130_fd_sc_hd__inv_1)
                                         _0274_ (net)
                  0.11    0.00    1.74 ^ _0967_/B (sky130_fd_sc_hd__nand2_1)
     2    0.00    0.08    0.07    1.81 v _0967_/Y (sky130_fd_sc_hd__nand2_1)
                                         _0280_ (net)
                  0.08    0.00    1.81 v _0968_/B (sky130_fd_sc_hd__nor2_1)
     2    0.00    0.11    0.12    1.93 ^ _0968_/Y (sky130_fd_sc_hd__nor2_1)
                                         _0281_ (net)
                  0.11    0.00    1.93 ^ _0970_/A (sky130_fd_sc_hd__nand2_1)
    13    0.03    0.21    0.20    2.13 v _0970_/Y (sky130_fd_sc_hd__nand2_1)
                                         _0283_ (net)
                  0.21    0.00    2.13 v _0975_/B (sky130_fd_sc_hd__nand3_1)
     2    0.00    0.10    0.16    2.29 ^ _0975_/Y (sky130_fd_sc_hd__nand3_1)
                                         _0288_ (net)
                  0.10    0.00    2.29 ^ _0976_/B (sky130_fd_sc_hd__nand3b_1)
     2    0.01    0.11    0.12    2.41 v _0976_/Y (sky130_fd_sc_hd__nand3b_1)
                                         _0289_ (net)
                  0.11    0.00    2.41 v _0981_/B (sky130_fd_sc_hd__nor2_2)
     9    0.03    0.34    0.30    2.71 ^ _0981_/Y (sky130_fd_sc_hd__nor2_2)
                                         _0017_ (net)
                  0.34    0.00    2.71 ^ place45/A (sky130_fd_sc_hd__buf_4)
     8    0.03    0.09    0.22    2.93 ^ place45/X (sky130_fd_sc_hd__buf_4)
                                         net44 (net)
                  0.09    0.00    2.93 ^ GPR[1][4]$_DFFE_PP_/DE (sky130_fd_sc_hd__edfxtp_1)
                                  2.93   data arrival time

                          5.26    5.26   clock core_clock (rise edge)
                          0.00    5.26   clock source latency
     1    0.01    0.00    0.00    5.26 ^ clk (in)
                                         clk (net)
                  0.00    0.00    5.26 ^ clkbuf_0_clk/A (sky130_fd_sc_hd__clkbuf_16)
     8    0.06    0.08    0.14    5.40 ^ clkbuf_0_clk/X (sky130_fd_sc_hd__clkbuf_16)
                                         clknet_0_clk (net)
                  0.08    0.00    5.40 ^ clkbuf_3_3__f_clk/A (sky130_fd_sc_hd__clkbuf_16)
    10    0.03    0.05    0.15    5.54 ^ clkbuf_3_3__f_clk/X (sky130_fd_sc_hd__clkbuf_16)
                                         clknet_3_3__leaf_clk (net)
                  0.05    0.00    5.54 ^ GPR[1][4]$_DFFE_PP_/CLK (sky130_fd_sc_hd__edfxtp_1)
                          0.00    5.54   clock reconvergence pessimism
                         -0.29    5.26   library setup time
                                  5.26   data required time
-----------------------------------------------------------------------------
                                  5.26   data required time
                                 -2.93   data arrival time
-----------------------------------------------------------------------------
                                  2.33   slack (MET)



==========================================================================
detailed route report_checks -unconstrained
--------------------------------------------------------------------------
Startpoint: sys_rst (input port clocked by core_clock)
Endpoint: GPR[1][4]$_DFFE_PP_
          (rising edge-triggered flip-flop clocked by core_clock)
Path Group: core_clock
Path Type: max

Fanout     Cap    Slew   Delay    Time   Description
-----------------------------------------------------------------------------
                          0.00    0.00   clock core_clock (rise edge)
                          0.00    0.00   clock network delay (propagated)
                          1.05    1.05 v input external delay
     1    0.00    0.00    0.00    1.05 v sys_rst (in)
                                         sys_rst (net)
                  0.00    0.00    1.05 v input36/A (sky130_fd_sc_hd__clkdlybuf4s50_1)
     1    0.00    0.05    0.39    1.44 v input36/X (sky130_fd_sc_hd__clkdlybuf4s50_1)
                                         net35 (net)
                  0.05    0.00    1.44 v place52/A (sky130_fd_sc_hd__buf_4)
    20    0.04    0.07    0.18    1.62 v place52/X (sky130_fd_sc_hd__buf_4)
                                         net51 (net)
                  0.07    0.00    1.62 v _0961_/A (sky130_fd_sc_hd__inv_1)
     6    0.01    0.11    0.11    1.74 ^ _0961_/Y (sky130_fd_sc_hd__inv_1)
                                         _0274_ (net)
                  0.11    0.00    1.74 ^ _0967_/B (sky130_fd_sc_hd__nand2_1)
     2    0.00    0.08    0.07    1.81 v _0967_/Y (sky130_fd_sc_hd__nand2_1)
                                         _0280_ (net)
                  0.08    0.00    1.81 v _0968_/B (sky130_fd_sc_hd__nor2_1)
     2    0.00    0.11    0.12    1.93 ^ _0968_/Y (sky130_fd_sc_hd__nor2_1)
                                         _0281_ (net)
                  0.11    0.00    1.93 ^ _0970_/A (sky130_fd_sc_hd__nand2_1)
    13    0.03    0.21    0.20    2.13 v _0970_/Y (sky130_fd_sc_hd__nand2_1)
                                         _0283_ (net)
                  0.21    0.00    2.13 v _0975_/B (sky130_fd_sc_hd__nand3_1)
     2    0.00    0.10    0.16    2.29 ^ _0975_/Y (sky130_fd_sc_hd__nand3_1)
                                         _0288_ (net)
                  0.10    0.00    2.29 ^ _0976_/B (sky130_fd_sc_hd__nand3b_1)
     2    0.01    0.11    0.12    2.41 v _0976_/Y (sky130_fd_sc_hd__nand3b_1)
                                         _0289_ (net)
                  0.11    0.00    2.41 v _0981_/B (sky130_fd_sc_hd__nor2_2)
     9    0.03    0.34    0.30    2.71 ^ _0981_/Y (sky130_fd_sc_hd__nor2_2)
                                         _0017_ (net)
                  0.34    0.00    2.71 ^ place45/A (sky130_fd_sc_hd__buf_4)
     8    0.03    0.09    0.22    2.93 ^ place45/X (sky130_fd_sc_hd__buf_4)
                                         net44 (net)
                  0.09    0.00    2.93 ^ GPR[1][4]$_DFFE_PP_/DE (sky130_fd_sc_hd__edfxtp_1)
                                  2.93   data arrival time

                          5.26    5.26   clock core_clock (rise edge)
                          0.00    5.26   clock source latency
     1    0.01    0.00    0.00    5.26 ^ clk (in)
                                         clk (net)
                  0.00    0.00    5.26 ^ clkbuf_0_clk/A (sky130_fd_sc_hd__clkbuf_16)
     8    0.06    0.08    0.14    5.40 ^ clkbuf_0_clk/X (sky130_fd_sc_hd__clkbuf_16)
                                         clknet_0_clk (net)
                  0.08    0.00    5.40 ^ clkbuf_3_3__f_clk/A (sky130_fd_sc_hd__clkbuf_16)
    10    0.03    0.05    0.15    5.54 ^ clkbuf_3_3__f_clk/X (sky130_fd_sc_hd__clkbuf_16)
                                         clknet_3_3__leaf_clk (net)
                  0.05    0.00    5.54 ^ GPR[1][4]$_DFFE_PP_/CLK (sky130_fd_sc_hd__edfxtp_1)
                          0.00    5.54   clock reconvergence pessimism
                         -0.29    5.26   library setup time
                                  5.26   data required time
-----------------------------------------------------------------------------
                                  5.26   data required time
                                 -2.93   data arrival time
-----------------------------------------------------------------------------
                                  2.33   slack (MET)



==========================================================================
detailed route report_check_types -max_slew -max_cap -max_fanout -violators
--------------------------------------------------------------------------

==========================================================================
detailed route max_slew_check_slack
--------------------------------------------------------------------------
1.108461856842041

==========================================================================
detailed route max_slew_check_limit
--------------------------------------------------------------------------
1.4885469675064087

==========================================================================
detailed route max_slew_check_slack_limit
--------------------------------------------------------------------------
0.7447

==========================================================================
detailed route max_fanout_check_slack
--------------------------------------------------------------------------
1.0000000150474662e+30

==========================================================================
detailed route max_fanout_check_limit
--------------------------------------------------------------------------
1.0000000150474662e+30

==========================================================================
detailed route max_capacitance_check_slack
--------------------------------------------------------------------------
0.01937200129032135

==========================================================================
detailed route max_capacitance_check_limit
--------------------------------------------------------------------------
0.021067000925540924

==========================================================================
detailed route max_capacitance_check_slack_limit
--------------------------------------------------------------------------
0.9195

==========================================================================
detailed route max_slew_violation_count
--------------------------------------------------------------------------
max slew violation count 0

==========================================================================
detailed route max_fanout_violation_count
--------------------------------------------------------------------------
max fanout violation count 0

==========================================================================
detailed route max_cap_violation_count
--------------------------------------------------------------------------
max cap violation count 0

==========================================================================
detailed route setup_violation_count
--------------------------------------------------------------------------
setup violation count 0

==========================================================================
detailed route hold_violation_count
--------------------------------------------------------------------------
hold violation count 0

==========================================================================
detailed route report_checks -path_delay max reg to reg
--------------------------------------------------------------------------
Startpoint: IR[17]$_SDFFE_PP0P_
            (rising edge-triggered flip-flop clocked by core_clock)
Endpoint: GPR[0][15]$_DFFE_PP_
          (rising edge-triggered flip-flop clocked by core_clock)
Path Group: core_clock
Path Type: max

  Delay    Time   Description
---------------------------------------------------------
   0.00    0.00   clock core_clock (rise edge)
   0.00    0.00   clock source latency
   0.00    0.00 ^ clk (in)
   0.14    0.14 ^ clkbuf_0_clk/X (sky130_fd_sc_hd__clkbuf_16)
   0.15    0.29 ^ clkbuf_3_1__f_clk/X (sky130_fd_sc_hd__clkbuf_16)
   0.00    0.29 ^ IR[17]$_SDFFE_PP0P_/CLK (sky130_fd_sc_hd__dfxtp_1)
   0.33    0.62 ^ IR[17]$_SDFFE_PP0P_/Q (sky130_fd_sc_hd__dfxtp_1)
   0.27    0.89 ^ place51/X (sky130_fd_sc_hd__buf_4)
   0.12    1.02 v _1101_/Y (sky130_fd_sc_hd__o21ai_0)
   0.30    1.32 ^ _1104_/Y (sky130_fd_sc_hd__o22ai_1)
   0.34    1.66 v _1829_/SUM (sky130_fd_sc_hd__ha_1)
   0.11    1.77 ^ _1156_/Y (sky130_fd_sc_hd__inv_1)
   0.08    1.86 v _1185_/Y (sky130_fd_sc_hd__nand3_1)
   0.06    1.92 ^ _1191_/Y (sky130_fd_sc_hd__inv_1)
   0.05    1.96 v _1192_/Y (sky130_fd_sc_hd__nor2_1)
   0.16    2.12 ^ _1243_/Y (sky130_fd_sc_hd__nor2_2)
   0.08    2.20 v _1384_/Y (sky130_fd_sc_hd__nand2_1)
   0.13    2.32 ^ _1385_/Y (sky130_fd_sc_hd__nor2_2)
   0.08    2.41 v _1597_/Y (sky130_fd_sc_hd__nand3_1)
   0.06    2.46 ^ _1598_/Y (sky130_fd_sc_hd__nand2_1)
   0.05    2.51 v _1600_/Y (sky130_fd_sc_hd__nand2_1)
   0.22    2.74 ^ _1614_/Y (sky130_fd_sc_hd__a221oi_1)
   0.14    2.87 v _1633_/Y (sky130_fd_sc_hd__nand3_1)
   0.00    2.87 v GPR[0][15]$_DFFE_PP_/D (sky130_fd_sc_hd__edfxtp_1)
           2.87   data arrival time

   5.26    5.26   clock core_clock (rise edge)
   0.00    5.26   clock source latency
   0.00    5.26 ^ clk (in)
   0.14    5.40 ^ clkbuf_0_clk/X (sky130_fd_sc_hd__clkbuf_16)
   0.15    5.54 ^ clkbuf_3_4__f_clk/X (sky130_fd_sc_hd__clkbuf_16)
   0.00    5.54 ^ GPR[0][15]$_DFFE_PP_/CLK (sky130_fd_sc_hd__edfxtp_1)
   0.00    5.54   clock reconvergence pessimism
  -0.27    5.27   library setup time
           5.27   data required time
---------------------------------------------------------
           5.27   data required time
          -2.87   data arrival time
---------------------------------------------------------
           2.40   slack (MET)



==========================================================================
detailed route report_checks -path_delay min reg to reg
--------------------------------------------------------------------------
Startpoint: count[0]$_SDFF_PP0_
            (rising edge-triggered flip-flop clocked by core_clock)
Endpoint: count[0]$_SDFF_PP0_
          (rising edge-triggered flip-flop clocked by core_clock)
Path Group: core_clock
Path Type: min

  Delay    Time   Description
---------------------------------------------------------
   0.00    0.00   clock core_clock (rise edge)
   0.00    0.00   clock source latency
   0.00    0.00 ^ clk (in)
   0.14    0.14 ^ clkbuf_0_clk/X (sky130_fd_sc_hd__clkbuf_16)
   0.15    0.29 ^ clkbuf_3_0__f_clk/X (sky130_fd_sc_hd__clkbuf_16)
   0.00    0.29 ^ count[0]$_SDFF_PP0_/CLK (sky130_fd_sc_hd__dfxtp_1)
   0.32    0.61 ^ count[0]$_SDFF_PP0_/Q (sky130_fd_sc_hd__dfxtp_1)
   0.04    0.65 v _1725_/Y (sky130_fd_sc_hd__nor2_1)
   0.00    0.65 v count[0]$_SDFF_PP0_/D (sky130_fd_sc_hd__dfxtp_1)
           0.65   data arrival time

   0.00    0.00   clock core_clock (rise edge)
   0.00    0.00   clock source latency
   0.00    0.00 ^ clk (in)
   0.14    0.14 ^ clkbuf_0_clk/X (sky130_fd_sc_hd__clkbuf_16)
   0.15    0.29 ^ clkbuf_3_0__f_clk/X (sky130_fd_sc_hd__clkbuf_16)
   0.00    0.29 ^ count[0]$_SDFF_PP0_/CLK (sky130_fd_sc_hd__dfxtp_1)
   0.00    0.29   clock reconvergence pessimism
  -0.04    0.25   library hold time
           0.25   data required time
---------------------------------------------------------
           0.25   data required time
          -0.65   data arrival time
---------------------------------------------------------
           0.41   slack (MET)



==========================================================================
detailed route critical path target clock latency max path
--------------------------------------------------------------------------
0.2890

==========================================================================
detailed route critical path target clock latency min path
--------------------------------------------------------------------------
0.2896

==========================================================================
detailed route critical path source clock latency min path
--------------------------------------------------------------------------
0.0000

==========================================================================
detailed route critical path delay
--------------------------------------------------------------------------
2.9289

==========================================================================
detailed route critical path slack
--------------------------------------------------------------------------
2.3299

==========================================================================
detailed route slack div critical path delay
--------------------------------------------------------------------------
79.548636

==========================================================================
detailed route report_power
--------------------------------------------------------------------------
Group                  Internal  Switching    Leakage      Total
                          Power      Power      Power      Power (Watts)
----------------------------------------------------------------
Sequential             7.57e-04   9.71e-06   7.45e-10   7.67e-04  52.7%
Combinational          6.74e-05   1.01e-04   2.58e-09   1.69e-04  11.6%
Clock                  3.51e-04   1.70e-04   1.43e-10   5.20e-04  35.7%
Macro                  0.00e+00   0.00e+00   0.00e+00   0.00e+00   0.0%
Pad                    0.00e+00   0.00e+00   0.00e+00   0.00e+00   0.0%
----------------------------------------------------------------
Total                  1.18e-03   2.80e-04   3.47e-09   1.46e-03 100.0%
                          80.7%      19.3%       0.0%
