
==========================================================================
detailed place report_tns
--------------------------------------------------------------------------
tns max 0.00

==========================================================================
detailed place report_wns
--------------------------------------------------------------------------
wns max 0.00

==========================================================================
detailed place report_worst_slack
--------------------------------------------------------------------------
worst slack max 3.74

==========================================================================
detailed place report_clock_min_period
--------------------------------------------------------------------------
core_clock period_min = 4.95 fmax = 202.16

==========================================================================
detailed place report_checks -path_delay min
--------------------------------------------------------------------------
Startpoint: count[0]$_SDFF_PP0_
            (rising edge-triggered flip-flop clocked by core_clock)
Endpoint: count[0]$_SDFF_PP0_
          (rising edge-triggered flip-flop clocked by core_clock)
Path Group: core_clock
Path Type: min

Fanout     Cap    Slew   Delay    Time   Description
-----------------------------------------------------------------------------
                  0.00    0.00    0.00   clock core_clock (rise edge)
                          0.00    0.00   clock network delay (ideal)
                  0.00    0.00    0.00 ^ count[0]$_SDFF_PP0_/CLK (sky130_fd_sc_hd__dfxtp_1)
     2    0.01    0.08    0.31    0.31 ^ count[0]$_SDFF_PP0_/Q (sky130_fd_sc_hd__dfxtp_1)
                                         count[0] (net)
                  0.08    0.00    0.31 ^ _1725_/A (sky130_fd_sc_hd__nor2_1)
     1    0.00    0.03    0.05    0.36 v _1725_/Y (sky130_fd_sc_hd__nor2_1)
                                         _0162_ (net)
                  0.03    0.00    0.36 v count[0]$_SDFF_PP0_/D (sky130_fd_sc_hd__dfxtp_1)
                                  0.36   data arrival time

                  0.00    0.00    0.00   clock core_clock (rise edge)
                          0.00    0.00   clock network delay (ideal)
                          0.00    0.00   clock reconvergence pessimism
                                  0.00 ^ count[0]$_SDFF_PP0_/CLK (sky130_fd_sc_hd__dfxtp_1)
                         -0.06   -0.06   library hold time
                                 -0.06   data required time
-----------------------------------------------------------------------------
                                 -0.06   data required time
                                 -0.36   data arrival time
-----------------------------------------------------------------------------
                                  0.42   slack (MET)



==========================================================================
detailed place report_checks -path_delay max
--------------------------------------------------------------------------
Startpoint: sys_rst (input port clocked by core_clock)
Endpoint: GPR[0][15]$_DFFE_PP_
          (rising edge-triggered flip-flop clocked by core_clock)
Path Group: core_clock
Path Type: max

Fanout     Cap    Slew   Delay    Time   Description
-----------------------------------------------------------------------------
                  0.00    0.00    0.00   clock core_clock (rise edge)
                          0.00    0.00   clock network delay (ideal)
                          1.74    1.74 v input external delay
     1    0.00    0.00    0.00    1.74 v sys_rst (in)
                                         sys_rst (net)
                  0.00    0.00    1.74 v input36/A (sky130_fd_sc_hd__clkdlybuf4s50_1)
    20    0.07    0.50    0.76    2.50 v input36/X (sky130_fd_sc_hd__clkdlybuf4s50_1)
                                         net35 (net)
                  0.50    0.00    2.50 v _0961_/A (sky130_fd_sc_hd__inv_1)
     6    0.02    0.22    0.31    2.81 ^ _0961_/Y (sky130_fd_sc_hd__inv_1)
                                         _0274_ (net)
                  0.22    0.00    2.81 ^ _0967_/B (sky130_fd_sc_hd__nand2_1)
     2    0.01    0.11    0.12    2.93 v _0967_/Y (sky130_fd_sc_hd__nand2_1)
                                         _0280_ (net)
                  0.11    0.00    2.93 v _0968_/B (sky130_fd_sc_hd__nor2_1)
     2    0.01    0.13    0.15    3.08 ^ _0968_/Y (sky130_fd_sc_hd__nor2_1)
                                         _0281_ (net)
                  0.13    0.00    3.08 ^ _0970_/A (sky130_fd_sc_hd__nand2_1)
    13    0.05    0.34    0.29    3.37 v _0970_/Y (sky130_fd_sc_hd__nand2_1)
                                         _0283_ (net)
                  0.34    0.00    3.37 v _0975_/B (sky130_fd_sc_hd__nand3_1)
     2    0.01    0.15    0.25    3.62 ^ _0975_/Y (sky130_fd_sc_hd__nand3_1)
                                         _0288_ (net)
                  0.15    0.00    3.62 ^ _0979_/A (sky130_fd_sc_hd__nand2_1)
     2    0.01    0.07    0.09    3.71 v _0979_/Y (sky130_fd_sc_hd__nand2_1)
                                         _0291_ (net)
                  0.07    0.00    3.71 v _0982_/B (sky130_fd_sc_hd__nor2_1)
     7    0.04    0.74    0.58    4.29 ^ _0982_/Y (sky130_fd_sc_hd__nor2_1)
                                         _0016_ (net)
                  0.74    0.00    4.29 ^ place43/A (sky130_fd_sc_hd__buf_4)
    10    0.06    0.17    0.34    4.63 ^ place43/X (sky130_fd_sc_hd__buf_4)
                                         net42 (net)
                  0.17    0.00    4.63 ^ GPR[0][15]$_DFFE_PP_/DE (sky130_fd_sc_hd__edfxtp_1)
                                  4.63   data arrival time

                  0.00    8.69    8.69   clock core_clock (rise edge)
                          0.00    8.69   clock network delay (ideal)
                          0.00    8.69   clock reconvergence pessimism
                                  8.69 ^ GPR[0][15]$_DFFE_PP_/CLK (sky130_fd_sc_hd__edfxtp_1)
                         -0.31    8.37   library setup time
                                  8.37   data required time
-----------------------------------------------------------------------------
                                  8.37   data required time
                                 -4.63   data arrival time
-----------------------------------------------------------------------------
                                  3.74   slack (MET)



==========================================================================
detailed place report_checks -unconstrained
--------------------------------------------------------------------------
Startpoint: sys_rst (input port clocked by core_clock)
Endpoint: GPR[0][15]$_DFFE_PP_
          (rising edge-triggered flip-flop clocked by core_clock)
Path Group: core_clock
Path Type: max

Fanout     Cap    Slew   Delay    Time   Description
-----------------------------------------------------------------------------
                  0.00    0.00    0.00   clock core_clock (rise edge)
                          0.00    0.00   clock network delay (ideal)
                          1.74    1.74 v input external delay
     1    0.00    0.00    0.00    1.74 v sys_rst (in)
                                         sys_rst (net)
                  0.00    0.00    1.74 v input36/A (sky130_fd_sc_hd__clkdlybuf4s50_1)
    20    0.07    0.50    0.76    2.50 v input36/X (sky130_fd_sc_hd__clkdlybuf4s50_1)
                                         net35 (net)
                  0.50    0.00    2.50 v _0961_/A (sky130_fd_sc_hd__inv_1)
     6    0.02    0.22    0.31    2.81 ^ _0961_/Y (sky130_fd_sc_hd__inv_1)
                                         _0274_ (net)
                  0.22    0.00    2.81 ^ _0967_/B (sky130_fd_sc_hd__nand2_1)
     2    0.01    0.11    0.12    2.93 v _0967_/Y (sky130_fd_sc_hd__nand2_1)
                                         _0280_ (net)
                  0.11    0.00    2.93 v _0968_/B (sky130_fd_sc_hd__nor2_1)
     2    0.01    0.13    0.15    3.08 ^ _0968_/Y (sky130_fd_sc_hd__nor2_1)
                                         _0281_ (net)
                  0.13    0.00    3.08 ^ _0970_/A (sky130_fd_sc_hd__nand2_1)
    13    0.05    0.34    0.29    3.37 v _0970_/Y (sky130_fd_sc_hd__nand2_1)
                                         _0283_ (net)
                  0.34    0.00    3.37 v _0975_/B (sky130_fd_sc_hd__nand3_1)
     2    0.01    0.15    0.25    3.62 ^ _0975_/Y (sky130_fd_sc_hd__nand3_1)
                                         _0288_ (net)
                  0.15    0.00    3.62 ^ _0979_/A (sky130_fd_sc_hd__nand2_1)
     2    0.01    0.07    0.09    3.71 v _0979_/Y (sky130_fd_sc_hd__nand2_1)
                                         _0291_ (net)
                  0.07    0.00    3.71 v _0982_/B (sky130_fd_sc_hd__nor2_1)
     7    0.04    0.74    0.58    4.29 ^ _0982_/Y (sky130_fd_sc_hd__nor2_1)
                                         _0016_ (net)
                  0.74    0.00    4.29 ^ place43/A (sky130_fd_sc_hd__buf_4)
    10    0.06    0.17    0.34    4.63 ^ place43/X (sky130_fd_sc_hd__buf_4)
                                         net42 (net)
                  0.17    0.00    4.63 ^ GPR[0][15]$_DFFE_PP_/DE (sky130_fd_sc_hd__edfxtp_1)
                                  4.63   data arrival time

                  0.00    8.69    8.69   clock core_clock (rise edge)
                          0.00    8.69   clock network delay (ideal)
                          0.00    8.69   clock reconvergence pessimism
                                  8.69 ^ GPR[0][15]$_DFFE_PP_/CLK (sky130_fd_sc_hd__edfxtp_1)
                         -0.31    8.37   library setup time
                                  8.37   data required time
-----------------------------------------------------------------------------
                                  8.37   data required time
                                 -4.63   data arrival time
-----------------------------------------------------------------------------
                                  3.74   slack (MET)



==========================================================================
detailed place report_check_types -max_slew -max_cap -max_fanout -violators
--------------------------------------------------------------------------

==========================================================================
detailed place max_slew_check_slack
--------------------------------------------------------------------------
0.7514932751655579

==========================================================================
detailed place max_slew_check_limit
--------------------------------------------------------------------------
1.4944789409637451

==========================================================================
detailed place max_slew_check_slack_limit
--------------------------------------------------------------------------
0.5028

==========================================================================
detailed place max_fanout_check_slack
--------------------------------------------------------------------------
1.0000000150474662e+30

==========================================================================
detailed place max_fanout_check_limit
--------------------------------------------------------------------------
1.0000000150474662e+30

==========================================================================
detailed place max_capacitance_check_slack
--------------------------------------------------------------------------
0.01896398887038231

==========================================================================
detailed place max_capacitance_check_limit
--------------------------------------------------------------------------
0.021067000925540924

==========================================================================
detailed place max_capacitance_check_slack_limit
--------------------------------------------------------------------------
0.9002

==========================================================================
detailed place max_slew_violation_count
--------------------------------------------------------------------------
max slew violation count 0

==========================================================================
detailed place max_fanout_violation_count
--------------------------------------------------------------------------
max fanout violation count 0

==========================================================================
detailed place max_cap_violation_count
--------------------------------------------------------------------------
max cap violation count 0

==========================================================================
detailed place setup_violation_count
--------------------------------------------------------------------------
setup violation count 0

==========================================================================
detailed place hold_violation_count
--------------------------------------------------------------------------
hold violation count 0

==========================================================================
detailed place report_checks -path_delay max reg to reg
--------------------------------------------------------------------------
Startpoint: IR[17]$_SDFFE_PP0P_
            (rising edge-triggered flip-flop clocked by core_clock)
Endpoint: zero$_SDFFE_PP0P_
          (rising edge-triggered flip-flop clocked by core_clock)
Path Group: core_clock
Path Type: max

  Delay    Time   Description
---------------------------------------------------------
   0.00    0.00   clock core_clock (rise edge)
   0.00    0.00   clock network delay (ideal)
   0.00    0.00 ^ IR[17]$_SDFFE_PP0P_/CLK (sky130_fd_sc_hd__dfxtp_1)
   0.27    0.27 v IR[17]$_SDFFE_PP0P_/Q (sky130_fd_sc_hd__dfxtp_1)
   0.25    0.52 v place50/X (sky130_fd_sc_hd__buf_4)
   0.45    0.98 ^ _0991_/Y (sky130_fd_sc_hd__inv_2)
   0.10    1.07 v _1112_/Y (sky130_fd_sc_hd__nand2_1)
   0.41    1.48 ^ _1116_/Y (sky130_fd_sc_hd__a32oi_1)
   0.20    1.68 v _1132_/Y (sky130_fd_sc_hd__inv_1)
   0.27    1.96 v _1820_/COUT (sky130_fd_sc_hd__ha_1)
   0.44    2.40 v _1816_/COUT (sky130_fd_sc_hd__fa_1)
   0.10    2.50 ^ _1201_/Y (sky130_fd_sc_hd__inv_1)
   0.06    2.56 v _1202_/Y (sky130_fd_sc_hd__nand3_1)
   0.11    2.67 ^ _1203_/Y (sky130_fd_sc_hd__nand2_1)
   0.26    2.93 ^ _1204_/X (sky130_fd_sc_hd__xor2_1)
   0.12    3.05 v _1755_/Y (sky130_fd_sc_hd__nand3_1)
   0.13    3.17 ^ _1756_/Y (sky130_fd_sc_hd__nor2_1)
   0.08    3.25 v _1757_/Y (sky130_fd_sc_hd__nand3_1)
   0.13    3.38 ^ _1758_/Y (sky130_fd_sc_hd__nor2_1)
   0.08    3.46 v _1761_/Y (sky130_fd_sc_hd__nand3_1)
   0.17    3.63 ^ _1762_/Y (sky130_fd_sc_hd__nor2_1)
   0.08    3.71 v _1783_/Y (sky130_fd_sc_hd__nor2_1)
   0.12    3.82 ^ _1812_/Y (sky130_fd_sc_hd__a21oi_1)
   0.00    3.82 ^ zero$_SDFFE_PP0P_/D (sky130_fd_sc_hd__dfxtp_1)
           3.82   data arrival time

   8.69    8.69   clock core_clock (rise edge)
   0.00    8.69   clock network delay (ideal)
   0.00    8.69   clock reconvergence pessimism
           8.69 ^ zero$_SDFFE_PP0P_/CLK (sky130_fd_sc_hd__dfxtp_1)
  -0.07    8.61   library setup time
           8.61   data required time
---------------------------------------------------------
           8.61   data required time
          -3.82   data arrival time
---------------------------------------------------------
           4.79   slack (MET)



==========================================================================
detailed place report_checks -path_delay min reg to reg
--------------------------------------------------------------------------
Startpoint: count[0]$_SDFF_PP0_
            (rising edge-triggered flip-flop clocked by core_clock)
Endpoint: count[0]$_SDFF_PP0_
          (rising edge-triggered flip-flop clocked by core_clock)
Path Group: core_clock
Path Type: min

  Delay    Time   Description
---------------------------------------------------------
   0.00    0.00   clock core_clock (rise edge)
   0.00    0.00   clock network delay (ideal)
   0.00    0.00 ^ count[0]$_SDFF_PP0_/CLK (sky130_fd_sc_hd__dfxtp_1)
   0.31    0.31 ^ count[0]$_SDFF_PP0_/Q (sky130_fd_sc_hd__dfxtp_1)
   0.05    0.36 v _1725_/Y (sky130_fd_sc_hd__nor2_1)
   0.00    0.36 v count[0]$_SDFF_PP0_/D (sky130_fd_sc_hd__dfxtp_1)
           0.36   data arrival time

   0.00    0.00   clock core_clock (rise edge)
   0.00    0.00   clock network delay (ideal)
   0.00    0.00   clock reconvergence pessimism
           0.00 ^ count[0]$_SDFF_PP0_/CLK (sky130_fd_sc_hd__dfxtp_1)
  -0.06   -0.06   library hold time
          -0.06   data required time
---------------------------------------------------------
          -0.06   data required time
          -0.36   data arrival time
---------------------------------------------------------
           0.42   slack (MET)



==========================================================================
detailed place critical path target clock latency max path
--------------------------------------------------------------------------
0.0000

==========================================================================
detailed place critical path target clock latency min path
--------------------------------------------------------------------------
0.0000

==========================================================================
detailed place critical path source clock latency min path
--------------------------------------------------------------------------
0.0000

==========================================================================
detailed place critical path delay
--------------------------------------------------------------------------
4.6327

==========================================================================
detailed place critical path slack
--------------------------------------------------------------------------
3.7404

==========================================================================
detailed place slack div critical path delay
--------------------------------------------------------------------------
80.739094

==========================================================================
detailed place report_power
--------------------------------------------------------------------------
Group                  Internal  Switching    Leakage      Total
                          Power      Power      Power      Power (Watts)
----------------------------------------------------------------
Sequential             4.66e-04   9.68e-06   7.45e-10   4.76e-04  78.5%
Combinational          4.17e-05   8.88e-05   2.57e-09   1.31e-04  21.5%
Clock                  0.00e+00   0.00e+00   0.00e+00   0.00e+00   0.0%
Macro                  0.00e+00   0.00e+00   0.00e+00   0.00e+00   0.0%
Pad                    0.00e+00   0.00e+00   0.00e+00   0.00e+00   0.0%
----------------------------------------------------------------
Total                  5.08e-04   9.85e-05   3.32e-09   6.07e-04 100.0%
                          83.8%      16.2%       0.0%
